2026-01-05 10:57:33 - AtellicaSimulator - INFO - 测试脚本启动...
2026-01-05 10:57:33 - AtellicaSimulator - INFO - AtellicaCore initialized successfully
2026-01-05 10:57:33 - AtellicaSimulator - INFO - Received sample TEST1767581853 with tests ['TEST001', 'TEST002', 'TEST003'], results will be available at Mon Jan  5 11:27:33 2026
2026-01-05 10:57:33 - AtellicaSimulator - INFO - Updated automation interface status to 3
2026-01-05 10:57:33 - AtellicaSimulator - INFO - Updated instrument process status to 2
2026-01-05 10:57:33 - AtellicaSimulator - INFO - Updated test inventory: TEST001 - count: 200, status: 1
2026-01-05 10:57:33 - AtellicaSimulator - INFO - 测试脚本完成
2026-01-05 10:58:46 - AtellicaSimulator - INFO - AtellicaCore initialized successfully
2026-01-05 10:58:46 - AtellicaSimulator - INFO - LASServer initialized, listening on 0.0.0.0:10001
2026-01-05 10:58:46 - AtellicaSimulator - INFO - AtellicaCore initialized successfully
2026-01-05 10:58:46 - AtellicaSimulator - INFO - LASServer initialized, listening on 0.0.0.0:10001
2026-01-05 10:58:46 - AtellicaSimulator - INFO - AtellicaCore initialized successfully
2026-01-05 10:58:46 - AtellicaSimulator - INFO - Added to queue IP0: SampleID=QUEUE_TEST_001, Occupancy=2
2026-01-05 10:58:46 - AtellicaSimulator - INFO - Added to queue IP0: SampleID=QUEUE_TEST_002, Occupancy=2
2026-01-05 10:58:46 - AtellicaSimulator - INFO - Added to queue IP0: SampleID=QUEUE_TEST_003, Occupancy=3
2026-01-05 10:58:46 - AtellicaSimulator - INFO - Skipped from queue IP0: SampleID=QUEUE_TEST_001
2026-01-05 10:58:46 - AtellicaSimulator - INFO - Cleared queue IP0: 2 carriers removed
2026-01-05 10:58:46 - AtellicaSimulator - INFO - AtellicaCore initialized successfully
2026-01-05 10:58:46 - AtellicaSimulator - INFO - Received sample LU_TEST_001 with tests ['TEST001'], results will be available at Mon Jan  5 11:28:46 2026
2026-01-05 10:58:46 - AtellicaSimulator - INFO - Received sample LU_TEST_002 with tests ['TEST002'], results will be available at Mon Jan  5 11:28:46 2026
2026-01-05 10:58:46 - AtellicaSimulator - INFO - AtellicaCore initialized successfully
2026-01-05 10:58:46 - AtellicaSimulator - INFO - Added to queue IP0: SampleID=TS_TEST_001, Occupancy=2
