2026-01-12 15:51:25 - SENT - 020015000100000005001a010c0f331903ff394603
2026-01-12 15:51:25 - SENT - 020015000100000005001a010c0f331903ff394603
2026-01-12 15:51:55 - SENT - 020015000200000005001a010c0f333703ff424503
2026-01-12 15:51:55 - SENT - 020015000200000005001a010c0f333703ff424503
2026-01-12 15:52:21 - RECEIVED - 0200270001000000010001010000000000ff03
2026-01-12 15:52:21 - RECEIVED - 0200270001000000010001010000000000ff03
2026-01-12 15:52:25 - SENT - 020015000300000005001a010c0f341903ff413203
2026-01-12 15:52:25 - SENT - 020015000300000005001a010c0f341903ff413203
2026-01-12 15:52:55 - SENT - 020015000400000005001a010c0f343703ff433103
2026-01-12 15:52:55 - SENT - 020015000400000005001a010c0f343703ff433103
2026-01-12 15:53:25 - SENT - 020015000500000005001a010c0f351903ff413503
2026-01-12 15:53:25 - SENT - 020015000500000005001a010c0f351903ff413503
2026-01-12 16:03:15..101 - TEST - 0123456789_0
2026-01-12 16:03:15..101 - TEST - 0123456789_1
2026-01-12 16:03:15..101 - TEST - 0123456789_2
2026-01-12 16:03:54.499 - TEST - 0123456789_0
2026-01-12 16:03:54.500 - TEST - 0123456789_1
2026-01-12 16:03:54.500 - TEST - 0123456789_2
2026-01-12 16:06:57.760 - SENT - 020015000100000005001a010c10063902ff393203
2026-01-12 16:07:27.802 - SENT - 020015000200000005001a010c10071b03ff373703
2026-01-12 16:07:57.817 - SENT - 020015000300000005001a010c10073903ff393603
2026-01-12 16:08:03.726 - RECEIVED - 0200270001000000010001010000000000ff03
2026-01-12 16:08:27.885 - SENT - 020015000400000005001a010c10081b03ff374103
2026-01-12 16:08:57.952 - SENT - 020015000500000005001a010c10083903ff393903
2026-01-12 16:14:54.186 - SENT - 020015000100000005001a010c100e3600ff393503
2026-01-12 16:15:04.448 - RECEIVED - 0200270001000000010001010000000000ff03
2026-01-12 16:15:24.197 - SENT - 020015000200000005001a010c100f1800ff373903
2026-01-12 16:15:54.219 - SENT - 020015000300000005001a010c100f3600ff393803
2026-01-12 16:16:24.251 - SENT - 020015000400000005001a010c10101800ff374303
2026-01-12 16:20:22.919 - SENT - 020015000500000005001a010c10141603ff383203
2026-01-12 16:20:24.042 - RECEIVED - 0200270001000000010001010000000000ff03
2026-01-12 16:20:52.964 - SENT - 020015000600000005001a010c10143403ff413103
2026-01-12 16:21:22.986 - SENT - 020015000700000005001a010c10151603ff383503
2026-01-12 16:21:53.023 - SENT - 020015000800000005001a010c10153500ff413203
2026-01-12 20:01:39.586 - SENT - 020015000100000005001a010c14012702ff374603
2026-01-12 20:02:09.599 - SENT - 020015000200000005001a010c14020902ff363303
2026-01-12 20:03:02.233 - SENT - 020015000100000005001a010c14030200ff354103
2026-01-12 20:03:32.244 - SENT - 020015000200000005001a010c14032000ff373903
2026-01-12 20:04:02.257 - SENT - 020015000300000005001a010c14040201ff354503
2026-01-12 20:18:01.713 - SENT - 020015000100000005001a010c14120102ff364103
2026-01-12 22:44:23.415 - SENT - 020015000100000005001a010c162c1701ff394203
2026-01-12 22:44:53.426 - SENT - 020015000200000005001a010c162c3501ff424103
2026-01-12 22:45:23.438 - SENT - 020015000300000005001a010c162d1701ff394503
